// Jest Snapshot v1, https://goo.gl/fbAQLP

exports[`renders correctly 1`] = `
<StepAuthorizedAccountEditor>
  <Styled(styled.section)>
    <StyledComponent
      forwardedComponent={
        Object {
          "$$typeof": Symbol(react.forward_ref),
          "attrs": Array [],
          "componentStyle": ComponentStyle {
            "componentId": "sc-cvbbAY",
            "isStatic": false,
            "lastClassName": "bApNOn",
            "rules": Array [
              "
  margin: 2rem 0;
  display: flex;
  align-items: center;
  width: 100%;
  flex-direction: column;
  padding: 0 1rem 1rem;
  border: 1px solid ",
              [Function],
              ";

  background: ",
              [Function],
              ";

  li ~ li {
    margin-top: 1rem;
  }

  li ~ section {
    margin-top: 1rem;
  }
",
            ],
          },
          "displayName": "Styled(styled.section)",
          "foldedComponentIds": Array [
            "sc-htpNat",
          ],
          "render": [Function],
          "styledComponentId": "sc-cvbbAY",
          "target": "section",
          "toString": [Function],
          "warnTooManyClasses": [Function],
          "withComponent": [Function],
        }
      }
      forwardedRef={null}
    >
      <section
        className="sc-htpNat sc-cvbbAY bApNOn"
      >
        <styled.div>
          <StyledComponent
            forwardedComponent={
              Object {
                "$$typeof": Symbol(react.forward_ref),
                "attrs": Array [],
                "componentStyle": ComponentStyle {
                  "componentId": "sc-bZQynM",
                  "isStatic": false,
                  "lastClassName": "kbecSY",
                  "rules": Array [
                    "
  display: flex;
  flex-direction: row;
  justify-content: space-between;
  width: 100%;
",
                  ],
                },
                "displayName": "styled.div",
                "foldedComponentIds": Array [],
                "render": [Function],
                "styledComponentId": "sc-bZQynM",
                "target": "div",
                "toString": [Function],
                "warnTooManyClasses": [Function],
                "withComponent": [Function],
              }
            }
            forwardedRef={null}
          >
            <div
              className="sc-bZQynM kbecSY"
            >
              <Styled(styled.header)>
                <StyledComponent
                  forwardedComponent={
                    Object {
                      "$$typeof": Symbol(react.forward_ref),
                      "attrs": Array [],
                      "componentStyle": ComponentStyle {
                        "componentId": "sc-jWBwVP",
                        "isStatic": false,
                        "lastClassName": "dsLxDG",
                        "rules": Array [
                          "
  position: relative;
  display: inline-flex;
  font-size: 0.9rem;
  top: -1rem;
  color: ",
                          [Function],
                          ";
  background-color: ",
                          [Function],
                          ";
  padding: 0.25rem 2rem 0.4rem;
",
                        ],
                      },
                      "displayName": "Styled(styled.header)",
                      "foldedComponentIds": Array [
                        "sc-gzVnrw",
                      ],
                      "render": [Function],
                      "styledComponentId": "sc-jWBwVP",
                      "target": "header",
                      "toString": [Function],
                      "warnTooManyClasses": [Function],
                      "withComponent": [Function],
                    }
                  }
                  forwardedRef={null}
                >
                  <header
                    className="sc-gzVnrw sc-jWBwVP dsLxDG"
                  >
                    Authorized Personal Accounts
                  </header>
                </StyledComponent>
              </Styled(styled.header)>
              <Styled(styled.button)
                data-testhook-id="add-key"
                onClick={[Function]}
              >
                <StyledComponent
                  data-testhook-id="add-key"
                  forwardedComponent={
                    Object {
                      "$$typeof": Symbol(react.forward_ref),
                      "attrs": Array [],
                      "componentStyle": ComponentStyle {
                        "componentId": "sc-brqgnP",
                        "isStatic": false,
                        "lastClassName": "fFWRCj",
                        "rules": Array [
                          "
  position: relative;
  top: -1rem;
  border: 0;
  right: 0;

  &:hover {
    cursor: pointer;
    transform: scale(0.8);
  }

  ",
                          [Function],
                          "
",
                        ],
                      },
                      "displayName": "Styled(styled.button)",
                      "foldedComponentIds": Array [
                        "sc-EHOje",
                      ],
                      "render": [Function],
                      "styledComponentId": "sc-brqgnP",
                      "target": "button",
                      "toString": [Function],
                      "warnTooManyClasses": [Function],
                      "withComponent": [Function],
                    }
                  }
                  forwardedRef={null}
                  onClick={[Function]}
                >
                  <button
                    className="sc-EHOje sc-brqgnP fFWRCj"
                    data-testhook-id="add-key"
                    onClick={[Function]}
                  >
                    <PlusIcon
                      color="#1779ba"
                      size={24}
                    >
                      <svg
                        height={24}
                        version="1.1"
                        viewBox="0 0 32 32"
                        width={24}
                        xmlns="http://www.w3.org/2000/svg"
                      >
                        <title>
                          plus
                        </title>
                        <path
                          d="M31 12h-11v-11c0-0.552-0.448-1-1-1h-6c-0.552 0-1 0.448-1 1v11h-11c-0.552 0-1 0.448-1 1v6c0 0.552 0.448 1 1 1h11v11c0 0.552 0.448 1 1 1h6c0.552 0 1-0.448 1-1v-11h11c0.552 0 1-0.448 1-1v-6c0-0.552-0.448-1-1-1z"
                          fill="#1779ba"
                        />
                      </svg>
                    </PlusIcon>
                  </button>
                </StyledComponent>
              </Styled(styled.button)>
            </div>
          </StyledComponent>
        </styled.div>
        <styled.ul>
          <StyledComponent
            forwardedComponent={
              Object {
                "$$typeof": Symbol(react.forward_ref),
                "attrs": Array [],
                "componentStyle": ComponentStyle {
                  "componentId": "sc-dnqmqq",
                  "isStatic": false,
                  "lastClassName": "gZXnwY",
                  "rules": Array [
                    "
  display: flex;
  flex-direction: column;
  width: 100%;
",
                  ],
                },
                "displayName": "styled.ul",
                "foldedComponentIds": Array [],
                "render": [Function],
                "styledComponentId": "sc-dnqmqq",
                "target": "ul",
                "toString": [Function],
                "warnTooManyClasses": [Function],
                "withComponent": [Function],
              }
            }
            forwardedRef={null}
          >
            <ul
              className="sc-dnqmqq gZXnwY"
            >
              <li
                key="key-row-0"
              >
                <Styled(styled.header)
                  clickable={false}
                >
                  <StyledComponent
                    clickable={false}
                    forwardedComponent={
                      Object {
                        "$$typeof": Symbol(react.forward_ref),
                        "attrs": Array [],
                        "componentStyle": ComponentStyle {
                          "componentId": "sc-cMljjf",
                          "isStatic": false,
                          "lastClassName": "hficiB",
                          "rules": Array [
                            "
  border: 1px solid
    ",
                            [Function],
                            ";
  font-size: 1rem;
  padding: 0.5rem;
  width: 100%;
  background-color: ",
                            [Function],
                            ";
  display: flex;
  align-items: center;
  justify-content: space-between;

  span {
    margin: 0 0.5rem;
  }

  ",
                            ".sc-bdVaJa",
                            " {
    margin: 0;
  }

  ",
                            ".sc-bwzfXH",
                            " {
    margin: 0.5rem 0 0;
  }

  &:hover {
    ",
                            [Function],
                            ";
    border: 1px solid ",
                            [Function],
                            ";
  }
",
                          ],
                        },
                        "displayName": "Styled(styled.header)",
                        "foldedComponentIds": Array [
                          "sc-gZMcBi",
                        ],
                        "render": [Function],
                        "styledComponentId": "sc-cMljjf",
                        "target": "header",
                        "toString": [Function],
                        "warnTooManyClasses": [Function],
                        "withComponent": [Function],
                      }
                    }
                    forwardedRef={null}
                  >
                    <header
                      className="sc-gZMcBi sc-cMljjf hficiB"
                    >
                      <styled.span>
                        <StyledComponent
                          forwardedComponent={
                            Object {
                              "$$typeof": Symbol(react.forward_ref),
                              "attrs": Array [],
                              "componentStyle": ComponentStyle {
                                "componentId": "sc-iwsKbI",
                                "isStatic": false,
                                "lastClassName": "chVlAL",
                                "rules": Array [
                                  "
  white-space: nowrap;
  overflow: hidden;
  text-overflow: ellipsis;
",
                                ],
                              },
                              "displayName": "styled.span",
                              "foldedComponentIds": Array [],
                              "render": [Function],
                              "styledComponentId": "sc-iwsKbI",
                              "target": "span",
                              "toString": [Function],
                              "warnTooManyClasses": [Function],
                              "withComponent": [Function],
                            }
                          }
                          forwardedRef={null}
                        >
                          <span
                            className="sc-iwsKbI chVlAL"
                          >
                            <styled.span
                              active={true}
                            >
                              <StyledComponent
                                active={true}
                                forwardedComponent={
                                  Object {
                                    "$$typeof": Symbol(react.forward_ref),
                                    "attrs": Array [],
                                    "componentStyle": ComponentStyle {
                                      "componentId": "sc-eHgmQL",
                                      "isStatic": false,
                                      "lastClassName": "cKOCSb",
                                      "rules": Array [
                                        "
  color: ",
                                        [Function],
                                        ";
  padding: 0 0.5rem;
  border: 2px solid
    ",
                                        [Function],
                                        ";
  margin: 0 0.5rem 0 0;
  font-size: 0.9rem;
",
                                      ],
                                    },
                                    "displayName": "styled.span",
                                    "foldedComponentIds": Array [],
                                    "render": [Function],
                                    "styledComponentId": "sc-eHgmQL",
                                    "target": "span",
                                    "toString": [Function],
                                    "warnTooManyClasses": [Function],
                                    "withComponent": [Function],
                                  }
                                }
                                forwardedRef={null}
                              >
                                <span
                                  className="sc-eHgmQL gDbLxG"
                                >
                                  active key
                                </span>
                              </StyledComponent>
                            </styled.span>
                            account1
                          </span>
                        </StyledComponent>
                      </styled.span>
                      <styled.div>
                        <StyledComponent
                          forwardedComponent={
                            Object {
                              "$$typeof": Symbol(react.forward_ref),
                              "attrs": Array [],
                              "componentStyle": ComponentStyle {
                                "componentId": "sc-bxivhb",
                                "isStatic": false,
                                "lastClassName": "gepbvZ",
                                "rules": Array [
                                  "
  display: flex;
  align-items: center;
",
                                ],
                              },
                              "displayName": "styled.div",
                              "foldedComponentIds": Array [],
                              "render": [Function],
                              "styledComponentId": "sc-bxivhb",
                              "target": "div",
                              "toString": [Function],
                              "warnTooManyClasses": [Function],
                              "withComponent": [Function],
                            }
                          }
                          forwardedRef={null}
                        >
                          <div
                            className="sc-bxivhb gepbvZ"
                          >
                            <Styled(styled.button)
                              data-testhook-id="delete-key-0"
                              onClick={[Function]}
                            >
                              <StyledComponent
                                data-testhook-id="delete-key-0"
                                forwardedComponent={
                                  Object {
                                    "$$typeof": Symbol(react.forward_ref),
                                    "attrs": Array [],
                                    "componentStyle": ComponentStyle {
                                      "componentId": "sc-jAaTju",
                                      "isStatic": false,
                                      "lastClassName": "BcTKc",
                                      "rules": Array [
                                        "
  display: inline-flex;
  background: none;
  border: 0;

  &:hover {
    svg {
      cursor: pointer;
      transform: scale(0.8);
    }
  }
",
                                      ],
                                    },
                                    "displayName": "Styled(styled.button)",
                                    "foldedComponentIds": Array [
                                      "sc-ifAKCX",
                                    ],
                                    "render": [Function],
                                    "styledComponentId": "sc-jAaTju",
                                    "target": "button",
                                    "toString": [Function],
                                    "warnTooManyClasses": [Function],
                                    "withComponent": [Function],
                                  }
                                }
                                forwardedRef={null}
                                onClick={[Function]}
                              >
                                <button
                                  className="sc-ifAKCX sc-jAaTju BcTKc"
                                  data-testhook-id="delete-key-0"
                                  onClick={[Function]}
                                >
                                  <RemoveIcon
                                    color="#1779ba"
                                    size={24}
                                  >
                                    <svg
                                      height={24}
                                      version="1.1"
                                      viewBox="0 0 32 32"
                                      width={24}
                                      xmlns="http://www.w3.org/2000/svg"
                                    >
                                      <title>
                                        trash
                                      </title>
                                      <path
                                        d="M29.98 6.819c-0.096-1.57-1.387-2.816-2.98-2.816h-3v-1.002c0-1.657-1.344-3-3-3h-10c-1.657 0-3 1.343-3 3v1.001h-3c-1.595 0-2.885 1.246-2.981 2.816h-0.019v2.183c0 1.104 0.896 2 2 2v0 17c0 2.209 1.791 4 4 4h16c2.209 0 4-1.791 4-4v-17c1.104 0 2-0.896 2-2v-2.182h-0.020zM10 3.002c0-0.553 0.447-1 1-1h10c0.553 0 1 0.447 1 1v1h-12v-1zM26 28.002c0 1.102-0.898 2-2 2h-16c-1.103 0-2-0.898-2-2v-17h20v17zM28 8.001v1h-24v-1.999c0-0.553 0.447-1 1-1h22c0.553 0 1 0.447 1 1v0.999zM9 28.006h2c0.553 0 1-0.447 1-1v-13c0-0.553-0.447-1-1-1h-2c-0.553 0-1 0.447-1 1v13c0 0.553 0.447 1 1 1zM9 14.005h2v13h-2v-13zM15 28.006h2c0.553 0 1-0.447 1-1v-13c0-0.553-0.447-1-1-1h-2c-0.553 0-1 0.447-1 1v13c0 0.553 0.447 1 1 1zM15 14.005h2v13h-2v-13zM21 28.006h2c0.553 0 1-0.447 1-1v-13c0-0.553-0.447-1-1-1h-2c-0.553 0-1 0.447-1 1v13c0 0.553 0.447 1 1 1zM21 14.005h2v13h-2v-13z"
                                        fill="#1779ba"
                                      />
                                    </svg>
                                  </RemoveIcon>
                                </button>
                              </StyledComponent>
                            </Styled(styled.button)>
                          </div>
                        </StyledComponent>
                      </styled.div>
                    </header>
                  </StyledComponent>
                </Styled(styled.header)>
              </li>
              <li
                key="key-row-1"
              >
                <Styled(styled.header)
                  clickable={false}
                >
                  <StyledComponent
                    clickable={false}
                    forwardedComponent={
                      Object {
                        "$$typeof": Symbol(react.forward_ref),
                        "attrs": Array [],
                        "componentStyle": ComponentStyle {
                          "componentId": "sc-cMljjf",
                          "isStatic": false,
                          "lastClassName": "hficiB",
                          "rules": Array [
                            "
  border: 1px solid
    ",
                            [Function],
                            ";
  font-size: 1rem;
  padding: 0.5rem;
  width: 100%;
  background-color: ",
                            [Function],
                            ";
  display: flex;
  align-items: center;
  justify-content: space-between;

  span {
    margin: 0 0.5rem;
  }

  ",
                            ".sc-bdVaJa",
                            " {
    margin: 0;
  }

  ",
                            ".sc-bwzfXH",
                            " {
    margin: 0.5rem 0 0;
  }

  &:hover {
    ",
                            [Function],
                            ";
    border: 1px solid ",
                            [Function],
                            ";
  }
",
                          ],
                        },
                        "displayName": "Styled(styled.header)",
                        "foldedComponentIds": Array [
                          "sc-gZMcBi",
                        ],
                        "render": [Function],
                        "styledComponentId": "sc-cMljjf",
                        "target": "header",
                        "toString": [Function],
                        "warnTooManyClasses": [Function],
                        "withComponent": [Function],
                      }
                    }
                    forwardedRef={null}
                  >
                    <header
                      className="sc-gZMcBi sc-cMljjf hficiB"
                    >
                      <styled.span>
                        <StyledComponent
                          forwardedComponent={
                            Object {
                              "$$typeof": Symbol(react.forward_ref),
                              "attrs": Array [],
                              "componentStyle": ComponentStyle {
                                "componentId": "sc-iwsKbI",
                                "isStatic": false,
                                "lastClassName": "chVlAL",
                                "rules": Array [
                                  "
  white-space: nowrap;
  overflow: hidden;
  text-overflow: ellipsis;
",
                                ],
                              },
                              "displayName": "styled.span",
                              "foldedComponentIds": Array [],
                              "render": [Function],
                              "styledComponentId": "sc-iwsKbI",
                              "target": "span",
                              "toString": [Function],
                              "warnTooManyClasses": [Function],
                              "withComponent": [Function],
                            }
                          }
                          forwardedRef={null}
                        >
                          <span
                            className="sc-iwsKbI chVlAL"
                          >
                            <styled.span
                              active={false}
                            >
                              <StyledComponent
                                active={false}
                                forwardedComponent={
                                  Object {
                                    "$$typeof": Symbol(react.forward_ref),
                                    "attrs": Array [],
                                    "componentStyle": ComponentStyle {
                                      "componentId": "sc-eHgmQL",
                                      "isStatic": false,
                                      "lastClassName": "cKOCSb",
                                      "rules": Array [
                                        "
  color: ",
                                        [Function],
                                        ";
  padding: 0 0.5rem;
  border: 2px solid
    ",
                                        [Function],
                                        ";
  margin: 0 0.5rem 0 0;
  font-size: 0.9rem;
",
                                      ],
                                    },
                                    "displayName": "styled.span",
                                    "foldedComponentIds": Array [],
                                    "render": [Function],
                                    "styledComponentId": "sc-eHgmQL",
                                    "target": "span",
                                    "toString": [Function],
                                    "warnTooManyClasses": [Function],
                                    "withComponent": [Function],
                                  }
                                }
                                forwardedRef={null}
                              >
                                <span
                                  className="sc-eHgmQL cKOCSb"
                                >
                                  inactive key
                                </span>
                              </StyledComponent>
                            </styled.span>
                            path/path/
                            account2
                          </span>
                        </StyledComponent>
                      </styled.span>
                      <styled.div>
                        <StyledComponent
                          forwardedComponent={
                            Object {
                              "$$typeof": Symbol(react.forward_ref),
                              "attrs": Array [],
                              "componentStyle": ComponentStyle {
                                "componentId": "sc-bxivhb",
                                "isStatic": false,
                                "lastClassName": "gepbvZ",
                                "rules": Array [
                                  "
  display: flex;
  align-items: center;
",
                                ],
                              },
                              "displayName": "styled.div",
                              "foldedComponentIds": Array [],
                              "render": [Function],
                              "styledComponentId": "sc-bxivhb",
                              "target": "div",
                              "toString": [Function],
                              "warnTooManyClasses": [Function],
                              "withComponent": [Function],
                            }
                          }
                          forwardedRef={null}
                        >
                          <div
                            className="sc-bxivhb gepbvZ"
                          >
                            <Styled(styled.button)
                              data-testhook-id="delete-key-1"
                              onClick={[Function]}
                            >
                              <StyledComponent
                                data-testhook-id="delete-key-1"
                                forwardedComponent={
                                  Object {
                                    "$$typeof": Symbol(react.forward_ref),
                                    "attrs": Array [],
                                    "componentStyle": ComponentStyle {
                                      "componentId": "sc-jAaTju",
                                      "isStatic": false,
                                      "lastClassName": "BcTKc",
                                      "rules": Array [
                                        "
  display: inline-flex;
  background: none;
  border: 0;

  &:hover {
    svg {
      cursor: pointer;
      transform: scale(0.8);
    }
  }
",
                                      ],
                                    },
                                    "displayName": "Styled(styled.button)",
                                    "foldedComponentIds": Array [
                                      "sc-ifAKCX",
                                    ],
                                    "render": [Function],
                                    "styledComponentId": "sc-jAaTju",
                                    "target": "button",
                                    "toString": [Function],
                                    "warnTooManyClasses": [Function],
                                    "withComponent": [Function],
                                  }
                                }
                                forwardedRef={null}
                                onClick={[Function]}
                              >
                                <button
                                  className="sc-ifAKCX sc-jAaTju BcTKc"
                                  data-testhook-id="delete-key-1"
                                  onClick={[Function]}
                                >
                                  <RemoveIcon
                                    color="#1779ba"
                                    size={24}
                                  >
                                    <svg
                                      height={24}
                                      version="1.1"
                                      viewBox="0 0 32 32"
                                      width={24}
                                      xmlns="http://www.w3.org/2000/svg"
                                    >
                                      <title>
                                        trash
                                      </title>
                                      <path
                                        d="M29.98 6.819c-0.096-1.57-1.387-2.816-2.98-2.816h-3v-1.002c0-1.657-1.344-3-3-3h-10c-1.657 0-3 1.343-3 3v1.001h-3c-1.595 0-2.885 1.246-2.981 2.816h-0.019v2.183c0 1.104 0.896 2 2 2v0 17c0 2.209 1.791 4 4 4h16c2.209 0 4-1.791 4-4v-17c1.104 0 2-0.896 2-2v-2.182h-0.020zM10 3.002c0-0.553 0.447-1 1-1h10c0.553 0 1 0.447 1 1v1h-12v-1zM26 28.002c0 1.102-0.898 2-2 2h-16c-1.103 0-2-0.898-2-2v-17h20v17zM28 8.001v1h-24v-1.999c0-0.553 0.447-1 1-1h22c0.553 0 1 0.447 1 1v0.999zM9 28.006h2c0.553 0 1-0.447 1-1v-13c0-0.553-0.447-1-1-1h-2c-0.553 0-1 0.447-1 1v13c0 0.553 0.447 1 1 1zM9 14.005h2v13h-2v-13zM15 28.006h2c0.553 0 1-0.447 1-1v-13c0-0.553-0.447-1-1-1h-2c-0.553 0-1 0.447-1 1v13c0 0.553 0.447 1 1 1zM15 14.005h2v13h-2v-13zM21 28.006h2c0.553 0 1-0.447 1-1v-13c0-0.553-0.447-1-1-1h-2c-0.553 0-1 0.447-1 1v13c0 0.553 0.447 1 1 1zM21 14.005h2v13h-2v-13z"
                                        fill="#1779ba"
                                      />
                                    </svg>
                                  </RemoveIcon>
                                </button>
                              </StyledComponent>
                            </Styled(styled.button)>
                          </div>
                        </StyledComponent>
                      </styled.div>
                    </header>
                  </StyledComponent>
                </Styled(styled.header)>
              </li>
              <li
                key="key-row-2"
              >
                <Styled(styled.header)
                  clickable={false}
                >
                  <StyledComponent
                    clickable={false}
                    forwardedComponent={
                      Object {
                        "$$typeof": Symbol(react.forward_ref),
                        "attrs": Array [],
                        "componentStyle": ComponentStyle {
                          "componentId": "sc-cMljjf",
                          "isStatic": false,
                          "lastClassName": "hficiB",
                          "rules": Array [
                            "
  border: 1px solid
    ",
                            [Function],
                            ";
  font-size: 1rem;
  padding: 0.5rem;
  width: 100%;
  background-color: ",
                            [Function],
                            ";
  display: flex;
  align-items: center;
  justify-content: space-between;

  span {
    margin: 0 0.5rem;
  }

  ",
                            ".sc-bdVaJa",
                            " {
    margin: 0;
  }

  ",
                            ".sc-bwzfXH",
                            " {
    margin: 0.5rem 0 0;
  }

  &:hover {
    ",
                            [Function],
                            ";
    border: 1px solid ",
                            [Function],
                            ";
  }
",
                          ],
                        },
                        "displayName": "Styled(styled.header)",
                        "foldedComponentIds": Array [
                          "sc-gZMcBi",
                        ],
                        "render": [Function],
                        "styledComponentId": "sc-cMljjf",
                        "target": "header",
                        "toString": [Function],
                        "warnTooManyClasses": [Function],
                        "withComponent": [Function],
                      }
                    }
                    forwardedRef={null}
                  >
                    <header
                      className="sc-gZMcBi sc-cMljjf hficiB"
                    >
                      <styled.span>
                        <StyledComponent
                          forwardedComponent={
                            Object {
                              "$$typeof": Symbol(react.forward_ref),
                              "attrs": Array [],
                              "componentStyle": ComponentStyle {
                                "componentId": "sc-iwsKbI",
                                "isStatic": false,
                                "lastClassName": "chVlAL",
                                "rules": Array [
                                  "
  white-space: nowrap;
  overflow: hidden;
  text-overflow: ellipsis;
",
                                ],
                              },
                              "displayName": "styled.span",
                              "foldedComponentIds": Array [],
                              "render": [Function],
                              "styledComponentId": "sc-iwsKbI",
                              "target": "span",
                              "toString": [Function],
                              "warnTooManyClasses": [Function],
                              "withComponent": [Function],
                            }
                          }
                          forwardedRef={null}
                        >
                          <span
                            className="sc-iwsKbI chVlAL"
                          >
                            <styled.span
                              active={false}
                            >
                              <StyledComponent
                                active={false}
                                forwardedComponent={
                                  Object {
                                    "$$typeof": Symbol(react.forward_ref),
                                    "attrs": Array [],
                                    "componentStyle": ComponentStyle {
                                      "componentId": "sc-eHgmQL",
                                      "isStatic": false,
                                      "lastClassName": "cKOCSb",
                                      "rules": Array [
                                        "
  color: ",
                                        [Function],
                                        ";
  padding: 0 0.5rem;
  border: 2px solid
    ",
                                        [Function],
                                        ";
  margin: 0 0.5rem 0 0;
  font-size: 0.9rem;
",
                                      ],
                                    },
                                    "displayName": "styled.span",
                                    "foldedComponentIds": Array [],
                                    "render": [Function],
                                    "styledComponentId": "sc-eHgmQL",
                                    "target": "span",
                                    "toString": [Function],
                                    "warnTooManyClasses": [Function],
                                    "withComponent": [Function],
                                  }
                                }
                                forwardedRef={null}
                              >
                                <span
                                  className="sc-eHgmQL cKOCSb"
                                >
                                  deleted
                                </span>
                              </StyledComponent>
                            </styled.span>
                          </span>
                        </StyledComponent>
                      </styled.span>
                      <styled.div>
                        <StyledComponent
                          forwardedComponent={
                            Object {
                              "$$typeof": Symbol(react.forward_ref),
                              "attrs": Array [],
                              "componentStyle": ComponentStyle {
                                "componentId": "sc-bxivhb",
                                "isStatic": false,
                                "lastClassName": "gepbvZ",
                                "rules": Array [
                                  "
  display: flex;
  align-items: center;
",
                                ],
                              },
                              "displayName": "styled.div",
                              "foldedComponentIds": Array [],
                              "render": [Function],
                              "styledComponentId": "sc-bxivhb",
                              "target": "div",
                              "toString": [Function],
                              "warnTooManyClasses": [Function],
                              "withComponent": [Function],
                            }
                          }
                          forwardedRef={null}
                        >
                          <div
                            className="sc-bxivhb gepbvZ"
                          >
                            <Styled(styled.button)
                              data-testhook-id="delete-key-2"
                              onClick={[Function]}
                            >
                              <StyledComponent
                                data-testhook-id="delete-key-2"
                                forwardedComponent={
                                  Object {
                                    "$$typeof": Symbol(react.forward_ref),
                                    "attrs": Array [],
                                    "componentStyle": ComponentStyle {
                                      "componentId": "sc-jAaTju",
                                      "isStatic": false,
                                      "lastClassName": "BcTKc",
                                      "rules": Array [
                                        "
  display: inline-flex;
  background: none;
  border: 0;

  &:hover {
    svg {
      cursor: pointer;
      transform: scale(0.8);
    }
  }
",
                                      ],
                                    },
                                    "displayName": "Styled(styled.button)",
                                    "foldedComponentIds": Array [
                                      "sc-ifAKCX",
                                    ],
                                    "render": [Function],
                                    "styledComponentId": "sc-jAaTju",
                                    "target": "button",
                                    "toString": [Function],
                                    "warnTooManyClasses": [Function],
                                    "withComponent": [Function],
                                  }
                                }
                                forwardedRef={null}
                                onClick={[Function]}
                              >
                                <button
                                  className="sc-ifAKCX sc-jAaTju BcTKc"
                                  data-testhook-id="delete-key-2"
                                  onClick={[Function]}
                                >
                                  <RemoveIcon
                                    color="#1779ba"
                                    size={24}
                                  >
                                    <svg
                                      height={24}
                                      version="1.1"
                                      viewBox="0 0 32 32"
                                      width={24}
                                      xmlns="http://www.w3.org/2000/svg"
                                    >
                                      <title>
                                        trash
                                      </title>
                                      <path
                                        d="M29.98 6.819c-0.096-1.57-1.387-2.816-2.98-2.816h-3v-1.002c0-1.657-1.344-3-3-3h-10c-1.657 0-3 1.343-3 3v1.001h-3c-1.595 0-2.885 1.246-2.981 2.816h-0.019v2.183c0 1.104 0.896 2 2 2v0 17c0 2.209 1.791 4 4 4h16c2.209 0 4-1.791 4-4v-17c1.104 0 2-0.896 2-2v-2.182h-0.020zM10 3.002c0-0.553 0.447-1 1-1h10c0.553 0 1 0.447 1 1v1h-12v-1zM26 28.002c0 1.102-0.898 2-2 2h-16c-1.103 0-2-0.898-2-2v-17h20v17zM28 8.001v1h-24v-1.999c0-0.553 0.447-1 1-1h22c0.553 0 1 0.447 1 1v0.999zM9 28.006h2c0.553 0 1-0.447 1-1v-13c0-0.553-0.447-1-1-1h-2c-0.553 0-1 0.447-1 1v13c0 0.553 0.447 1 1 1zM9 14.005h2v13h-2v-13zM15 28.006h2c0.553 0 1-0.447 1-1v-13c0-0.553-0.447-1-1-1h-2c-0.553 0-1 0.447-1 1v13c0 0.553 0.447 1 1 1zM15 14.005h2v13h-2v-13zM21 28.006h2c0.553 0 1-0.447 1-1v-13c0-0.553-0.447-1-1-1h-2c-0.553 0-1 0.447-1 1v13c0 0.553 0.447 1 1 1zM21 14.005h2v13h-2v-13z"
                                        fill="#1779ba"
                                      />
                                    </svg>
                                  </RemoveIcon>
                                </button>
                              </StyledComponent>
                            </Styled(styled.button)>
                          </div>
                        </StyledComponent>
                      </styled.div>
                    </header>
                  </StyledComponent>
                </Styled(styled.header)>
              </li>
            </ul>
          </StyledComponent>
        </styled.ul>
      </section>
    </StyledComponent>
  </Styled(styled.section)>
</StepAuthorizedAccountEditor>
`;
