// Jest Snapshot v1, https://goo.gl/fbAQLP

exports[`test serialize 1`] = `"{\\"layoutSegmentName\\":\\"segment1\\",\\"materials\\":[{\\"hash\\":\\"61a0af2b177f02a14bab478e68d4907cda4dc3f642ade0432da8350ca199302b\\",\\"uri\\":\\"src/test/java/com/argosnotary/argos/test/ArgosServiceTestIT.java\\"}],\\"products\\":[{\\"hash\\":\\"61a0af2b177f02a14bab478e68d4907cda4dc3f642ade0432da8350ca199302b\\",\\"uri\\":\\"src/test/java/com/argosnotary/argos/test/ArgosServiceTestIT.java\\"}],\\"runId\\":\\"69af2dd\\",\\"stepName\\":\\"build\\"}"`;
